INFO:     Will watch for changes in these directories: ['/home/mohx-nova/EventiFy/backend']
INFO:     Uvicorn running on http://127.0.0.1:8001 (Press CTRL+C to quit)
INFO:     Started reloader process [7179] using WatchFiles
INFO:     Started server process [7212]
INFO:     Waiting for application startup.
2025-10-03 14:56:33,412 INFO sqlalchemy.engine.Engine BEGIN (implicit)
2025-10-03 14:56:33,412 INFO sqlalchemy.engine.Engine SELECT name FROM sqlite_master WHERE type='table' AND name NOT LIKE 'sqlite~_%' ESCAPE '~' ORDER BY name
2025-10-03 14:56:33,412 INFO sqlalchemy.engine.Engine [raw sql] ()
2025-10-03 14:56:33,413 INFO sqlalchemy.engine.Engine ROLLBACK
2025-10-03 14:56:33,414 INFO sqlalchemy.engine.Engine BEGIN (implicit)
2025-10-03 14:56:33,421 INFO sqlalchemy.engine.Engine SELECT user.email, user.full_name, user.role, user.is_active, user.id, user.hashed_password, user.created_at 
FROM user
2025-10-03 14:56:33,421 INFO sqlalchemy.engine.Engine [generated in 0.00025s] ()
Database already seeded, skipping...
2025-10-03 14:56:33,422 INFO sqlalchemy.engine.Engine ROLLBACK
INFO:     Application startup complete.
GET /health -> 200 in 2.16ms
INFO:     127.0.0.1:52376 - "GET /health HTTP/1.1" 200 OK
2025-10-03 14:56:46,235 INFO sqlalchemy.engine.Engine BEGIN (implicit)
2025-10-03 14:56:46,239 INFO sqlalchemy.engine.Engine SELECT event.title, event.description, event.category, event.event_start, event.event_end, event.location, event.max_attendees, event.price, event.image, event.thumbnail, event.requires_approval, event.id, event.organizer_id, event.created_at, event.is_active 
FROM event 
WHERE event.is_active = 1 AND (event.event_end IS NOT NULL AND event.event_end < ? OR event.event_end IS NULL AND event.event_start < ?)
2025-10-03 14:56:46,239 INFO sqlalchemy.engine.Engine [generated in 0.00038s] ('2025-10-03 14:56:46.234004', '2025-10-03 14:56:46.234004')
2025-10-03 14:56:46,254 INFO sqlalchemy.engine.Engine SELECT event.title, event.description, event.category, event.event_start, event.event_end, event.location, event.max_attendees, event.price, event.image, event.thumbnail, event.requires_approval, event.id, event.organizer_id, event.created_at, event.is_active, user.full_name AS organizer_name, user.role AS organizer_role, anon_1.attendees_count 
FROM event JOIN user ON user.id = event.organizer_id LEFT OUTER JOIN (SELECT rsvp.event_id AS eid, count(?) AS attendees_count 
FROM rsvp 
WHERE rsvp.status IN (?, ?) GROUP BY rsvp.event_id) AS anon_1 ON anon_1.eid = event.id 
WHERE event.is_active = 1 AND (event.event_end IS NOT NULL AND event.event_end >= ? OR event.event_end IS NULL AND event.event_start >= ?) ORDER BY event.event_start DESC
 LIMIT ? OFFSET ?
2025-10-03 14:56:46,254 INFO sqlalchemy.engine.Engine [generated in 0.00067s] (1, <RSVPStatus.GOING: 'going'>, <RSVPStatus.APPROVED: 'approved'>, '2025-10-03 14:56:46.234004', '2025-10-03 14:56:46.234004', 10, 0)
2025-10-03 14:56:46,260 INFO sqlalchemy.engine.Engine ROLLBACK
GET /api/v1/events -> 200 in 28.71ms
INFO:     127.0.0.1:34562 - "GET /api/v1/events?limit=10&include_past=false HTTP/1.1" 200 OK
2025-10-03 14:56:46,855 INFO sqlalchemy.engine.Engine BEGIN (implicit)
2025-10-03 14:56:46,856 INFO sqlalchemy.engine.Engine SELECT event.title, event.description, event.category, event.event_start, event.event_end, event.location, event.max_attendees, event.price, event.image, event.thumbnail, event.requires_approval, event.id, event.organizer_id, event.created_at, event.is_active 
FROM event 
WHERE event.is_active = 1 AND (event.event_end IS NOT NULL AND event.event_end < ? OR event.event_end IS NULL AND event.event_start < ?)
2025-10-03 14:56:46,856 INFO sqlalchemy.engine.Engine [cached since 0.6172s ago] ('2025-10-03 14:56:46.854582', '2025-10-03 14:56:46.854582')
2025-10-03 14:56:46,859 INFO sqlalchemy.engine.Engine SELECT event.title, event.description, event.category, event.event_start, event.event_end, event.location, event.max_attendees, event.price, event.image, event.thumbnail, event.requires_approval, event.id, event.organizer_id, event.created_at, event.is_active, user.full_name AS organizer_name, user.role AS organizer_role, anon_1.attendees_count 
FROM event JOIN user ON user.id = event.organizer_id LEFT OUTER JOIN (SELECT rsvp.event_id AS eid, count(?) AS attendees_count 
FROM rsvp 
WHERE rsvp.status IN (?, ?) GROUP BY rsvp.event_id) AS anon_1 ON anon_1.eid = event.id 
WHERE event.is_active = 1 AND (event.event_end IS NOT NULL AND event.event_end >= ? OR event.event_end IS NULL AND event.event_start >= ?) ORDER BY event.event_start DESC
 LIMIT ? OFFSET ?
2025-10-03 14:56:46,860 INFO sqlalchemy.engine.Engine [cached since 0.6064s ago] (1, <RSVPStatus.GOING: 'going'>, <RSVPStatus.APPROVED: 'approved'>, '2025-10-03 14:56:46.854582', '2025-10-03 14:56:46.854582', 10, 0)
2025-10-03 14:56:46,862 INFO sqlalchemy.engine.Engine ROLLBACK
GET /api/v1/events -> 200 in 9.54ms
INFO:     127.0.0.1:34566 - "GET /api/v1/events?limit=10&include_past=false HTTP/1.1" 200 OK
INFO:     127.0.0.1:34578 - "GET /static/event_images/Garba.png HTTP/1.1" 304 Not Modified
INFO:     127.0.0.1:34586 - "GET /static/event_images/oktoberfest.png HTTP/1.1" 304 Not Modified
2025-10-03 15:09:17,835 INFO sqlalchemy.engine.Engine BEGIN (implicit)
2025-10-03 15:09:17,840 INFO sqlalchemy.engine.Engine SELECT event.title, event.description, event.category, event.event_start, event.event_end, event.location, event.max_attendees, event.price, event.image, event.thumbnail, event.requires_approval, event.id, event.organizer_id, event.created_at, event.is_active 
FROM event 
WHERE event.is_active = 1 AND (event.event_end IS NOT NULL AND event.event_end < ? OR event.event_end IS NULL AND event.event_start < ?)
2025-10-03 15:09:17,840 INFO sqlalchemy.engine.Engine [cached since 714.3s ago] ('2025-10-03 15:09:17.831650', '2025-10-03 15:09:17.831650')
2025-10-03 15:09:17,846 INFO sqlalchemy.engine.Engine SELECT event.title, event.description, event.category, event.event_start, event.event_end, event.location, event.max_attendees, event.price, event.image, event.thumbnail, event.requires_approval, event.id, event.organizer_id, event.created_at, event.is_active, user.full_name AS organizer_name, user.role AS organizer_role, anon_1.attendees_count 
FROM event JOIN user ON user.id = event.organizer_id LEFT OUTER JOIN (SELECT rsvp.event_id AS eid, count(?) AS attendees_count 
FROM rsvp 
WHERE rsvp.status IN (?, ?) GROUP BY rsvp.event_id) AS anon_1 ON anon_1.eid = event.id 
WHERE event.is_active = 1 AND (event.event_end IS NOT NULL AND event.event_end >= ? OR event.event_end IS NULL AND event.event_start >= ?) ORDER BY event.event_start DESC
 LIMIT ? OFFSET ?
2025-10-03 15:09:17,846 INFO sqlalchemy.engine.Engine [cached since 714.3s ago] (1, <RSVPStatus.GOING: 'going'>, <RSVPStatus.APPROVED: 'approved'>, '2025-10-03 15:09:17.831650', '2025-10-03 15:09:17.831650', 12, 0)
2025-10-03 15:09:17,849 INFO sqlalchemy.engine.Engine ROLLBACK
GET /api/v1/events -> 200 in 23.99ms
INFO:     127.0.0.1:47554 - "GET /api/v1/events?category=&date=&location=&search=&skip=0&limit=12 HTTP/1.1" 200 OK
2025-10-03 15:09:17,880 INFO sqlalchemy.engine.Engine BEGIN (implicit)
2025-10-03 15:09:17,881 INFO sqlalchemy.engine.Engine SELECT event.title, event.description, event.category, event.event_start, event.event_end, event.location, event.max_attendees, event.price, event.image, event.thumbnail, event.requires_approval, event.id, event.organizer_id, event.created_at, event.is_active 
FROM event 
WHERE event.is_active = 1 AND (event.event_end IS NOT NULL AND event.event_end < ? OR event.event_end IS NULL AND event.event_start < ?)
2025-10-03 15:09:17,881 INFO sqlalchemy.engine.Engine [cached since 714.3s ago] ('2025-10-03 15:09:17.879744', '2025-10-03 15:09:17.879744')
2025-10-03 15:09:17,891 INFO sqlalchemy.engine.Engine SELECT event.title, event.description, event.category, event.event_start, event.event_end, event.location, event.max_attendees, event.price, event.image, event.thumbnail, event.requires_approval, event.id, event.organizer_id, event.created_at, event.is_active, user.full_name AS organizer_name, user.role AS organizer_role, anon_1.attendees_count 
FROM event JOIN user ON user.id = event.organizer_id LEFT OUTER JOIN (SELECT rsvp.event_id AS eid, count(?) AS attendees_count 
FROM rsvp 
WHERE rsvp.status IN (?, ?) GROUP BY rsvp.event_id) AS anon_1 ON anon_1.eid = event.id 
WHERE event.is_active = 1 AND (event.event_end IS NOT NULL AND event.event_end >= ? OR event.event_end IS NULL AND event.event_start >= ?) ORDER BY event.event_start DESC
 LIMIT ? OFFSET ?
2025-10-03 15:09:17,893 INFO sqlalchemy.engine.Engine [cached since 714.3s ago] (1, <RSVPStatus.GOING: 'going'>, <RSVPStatus.APPROVED: 'approved'>, '2025-10-03 15:09:17.879744', '2025-10-03 15:09:17.879744', 12, 0)
2025-10-03 15:09:17,895 INFO sqlalchemy.engine.Engine ROLLBACK
GET /api/v1/events -> 200 in 17.92ms
INFO:     127.0.0.1:47564 - "GET /api/v1/events?category=&date=&location=&search=&skip=0&limit=12 HTTP/1.1" 200 OK
2025-10-03 15:09:18,048 INFO sqlalchemy.engine.Engine BEGIN (implicit)
2025-10-03 15:09:18,048 INFO sqlalchemy.engine.Engine SELECT event.title, event.description, event.category, event.event_start, event.event_end, event.location, event.max_attendees, event.price, event.image, event.thumbnail, event.requires_approval, event.id, event.organizer_id, event.created_at, event.is_active 
FROM event 
WHERE event.is_active = 1 AND (event.event_end IS NOT NULL AND event.event_end < ? OR event.event_end IS NULL AND event.event_start < ?)
2025-10-03 15:09:18,048 INFO sqlalchemy.engine.Engine [cached since 714.5s ago] ('2025-10-03 15:09:18.047106', '2025-10-03 15:09:18.047106')
2025-10-03 15:09:18,059 INFO sqlalchemy.engine.Engine SELECT event.title, event.description, event.category, event.event_start, event.event_end, event.location, event.max_attendees, event.price, event.image, event.thumbnail, event.requires_approval, event.id, event.organizer_id, event.created_at, event.is_active, user.full_name AS organizer_name, user.role AS organizer_role, anon_1.attendees_count 
FROM event JOIN user ON user.id = event.organizer_id LEFT OUTER JOIN (SELECT rsvp.event_id AS eid, count(?) AS attendees_count 
FROM rsvp 
WHERE rsvp.status IN (?, ?) GROUP BY rsvp.event_id) AS anon_1 ON anon_1.eid = event.id 
WHERE event.is_active = 1 AND (event.event_end IS NOT NULL AND event.event_end >= ? OR event.event_end IS NULL AND event.event_start >= ?) ORDER BY event.event_start DESC
 LIMIT ? OFFSET ?
2025-10-03 15:09:18,059 INFO sqlalchemy.engine.Engine [cached since 714.5s ago] (1, <RSVPStatus.GOING: 'going'>, <RSVPStatus.APPROVED: 'approved'>, '2025-10-03 15:09:18.047106', '2025-10-03 15:09:18.047106', 12, 0)
2025-10-03 15:09:18,061 INFO sqlalchemy.engine.Engine ROLLBACK
GET /api/v1/events -> 200 in 17.15ms
INFO:     127.0.0.1:47574 - "GET /api/v1/events?category=&date=&location=&search=&skip=0&limit=12 HTTP/1.1" 200 OK
2025-10-03 15:09:18,190 INFO sqlalchemy.engine.Engine BEGIN (implicit)
2025-10-03 15:09:18,191 INFO sqlalchemy.engine.Engine SELECT event.title, event.description, event.category, event.event_start, event.event_end, event.location, event.max_attendees, event.price, event.image, event.thumbnail, event.requires_approval, event.id, event.organizer_id, event.created_at, event.is_active 
FROM event 
WHERE event.is_active = 1 AND (event.event_end IS NOT NULL AND event.event_end < ? OR event.event_end IS NULL AND event.event_start < ?)
2025-10-03 15:09:18,191 INFO sqlalchemy.engine.Engine [cached since 714.6s ago] ('2025-10-03 15:09:18.189839', '2025-10-03 15:09:18.189839')
2025-10-03 15:09:18,195 INFO sqlalchemy.engine.Engine SELECT event.title, event.description, event.category, event.event_start, event.event_end, event.location, event.max_attendees, event.price, event.image, event.thumbnail, event.requires_approval, event.id, event.organizer_id, event.created_at, event.is_active, user.full_name AS organizer_name, user.role AS organizer_role, anon_1.attendees_count 
FROM event JOIN user ON user.id = event.organizer_id LEFT OUTER JOIN (SELECT rsvp.event_id AS eid, count(?) AS attendees_count 
FROM rsvp 
WHERE rsvp.status IN (?, ?) GROUP BY rsvp.event_id) AS anon_1 ON anon_1.eid = event.id 
WHERE event.is_active = 1 AND (event.event_end IS NOT NULL AND event.event_end >= ? OR event.event_end IS NULL AND event.event_start >= ?) ORDER BY event.event_start DESC
 LIMIT ? OFFSET ?
2025-10-03 15:09:18,195 INFO sqlalchemy.engine.Engine [cached since 714.6s ago] (1, <RSVPStatus.GOING: 'going'>, <RSVPStatus.APPROVED: 'approved'>, '2025-10-03 15:09:18.189839', '2025-10-03 15:09:18.189839', 12, 0)
2025-10-03 15:09:18,203 INFO sqlalchemy.engine.Engine ROLLBACK
GET /api/v1/events -> 200 in 17.37ms
INFO:     127.0.0.1:47580 - "GET /api/v1/events?category=&date=&location=&search=&skip=0&limit=12 HTTP/1.1" 200 OK
INFO:     127.0.0.1:47586 - "GET /static/event_images/art_gallery.jpg HTTP/1.1" 304 Not Modified
2025-10-03 15:09:18,363 INFO sqlalchemy.engine.Engine BEGIN (implicit)
2025-10-03 15:09:18,364 INFO sqlalchemy.engine.Engine SELECT event.title, event.description, event.category, event.event_start, event.event_end, event.location, event.max_attendees, event.price, event.image, event.thumbnail, event.requires_approval, event.id, event.organizer_id, event.created_at, event.is_active 
FROM event 
WHERE event.is_active = 1 AND (event.event_end IS NOT NULL AND event.event_end < ? OR event.event_end IS NULL AND event.event_start < ?)
2025-10-03 15:09:18,365 INFO sqlalchemy.engine.Engine [cached since 714.8s ago] ('2025-10-03 15:09:18.363405', '2025-10-03 15:09:18.363405')
2025-10-03 15:09:18,368 INFO sqlalchemy.engine.Engine SELECT event.title, event.description, event.category, event.event_start, event.event_end, event.location, event.max_attendees, event.price, event.image, event.thumbnail, event.requires_approval, event.id, event.organizer_id, event.created_at, event.is_active, user.full_name AS organizer_name, user.role AS organizer_role, anon_1.attendees_count 
FROM event JOIN user ON user.id = event.organizer_id LEFT OUTER JOIN (SELECT rsvp.event_id AS eid, count(?) AS attendees_count 
FROM rsvp 
WHERE rsvp.status IN (?, ?) GROUP BY rsvp.event_id) AS anon_1 ON anon_1.eid = event.id 
WHERE event.is_active = 1 AND (event.event_end IS NOT NULL AND event.event_end >= ? OR event.event_end IS NULL AND event.event_start >= ?) ORDER BY event.event_start DESC
 LIMIT ? OFFSET ?
2025-10-03 15:09:18,368 INFO sqlalchemy.engine.Engine [cached since 714.8s ago] (1, <RSVPStatus.GOING: 'going'>, <RSVPStatus.APPROVED: 'approved'>, '2025-10-03 15:09:18.363405', '2025-10-03 15:09:18.363405', 12, 0)
2025-10-03 15:09:18,370 INFO sqlalchemy.engine.Engine ROLLBACK
GET /api/v1/events -> 200 in 8.16ms
INFO:     127.0.0.1:47594 - "GET /api/v1/events?category=&date=&location=&search=&skip=0&limit=12 HTTP/1.1" 200 OK
2025-10-03 15:09:18,513 INFO sqlalchemy.engine.Engine BEGIN (implicit)
2025-10-03 15:09:18,514 INFO sqlalchemy.engine.Engine SELECT event.title, event.description, event.category, event.event_start, event.event_end, event.location, event.max_attendees, event.price, event.image, event.thumbnail, event.requires_approval, event.id, event.organizer_id, event.created_at, event.is_active 
FROM event 
WHERE event.is_active = 1 AND (event.event_end IS NOT NULL AND event.event_end < ? OR event.event_end IS NULL AND event.event_start < ?)
2025-10-03 15:09:18,515 INFO sqlalchemy.engine.Engine [cached since 715s ago] ('2025-10-03 15:09:18.512745', '2025-10-03 15:09:18.512745')
2025-10-03 15:09:18,518 INFO sqlalchemy.engine.Engine SELECT event.title, event.description, event.category, event.event_start, event.event_end, event.location, event.max_attendees, event.price, event.image, event.thumbnail, event.requires_approval, event.id, event.organizer_id, event.created_at, event.is_active, user.full_name AS organizer_name, user.role AS organizer_role, anon_1.attendees_count 
FROM event JOIN user ON user.id = event.organizer_id LEFT OUTER JOIN (SELECT rsvp.event_id AS eid, count(?) AS attendees_count 
FROM rsvp 
WHERE rsvp.status IN (?, ?) GROUP BY rsvp.event_id) AS anon_1 ON anon_1.eid = event.id 
WHERE event.is_active = 1 AND (event.event_end IS NOT NULL AND event.event_end >= ? OR event.event_end IS NULL AND event.event_start >= ?) ORDER BY event.event_start DESC
 LIMIT ? OFFSET ?
2025-10-03 15:09:18,518 INFO sqlalchemy.engine.Engine [cached since 715s ago] (1, <RSVPStatus.GOING: 'going'>, <RSVPStatus.APPROVED: 'approved'>, '2025-10-03 15:09:18.512745', '2025-10-03 15:09:18.512745', 12, 0)
2025-10-03 15:09:18,524 INFO sqlalchemy.engine.Engine ROLLBACK
GET /api/v1/events -> 200 in 14.35ms
INFO:     127.0.0.1:47606 - "GET /api/v1/events?category=&date=&location=&search=&skip=0&limit=12 HTTP/1.1" 200 OK
2025-10-03 15:29:42,854 INFO sqlalchemy.engine.Engine BEGIN (implicit)
2025-10-03 15:29:42,902 INFO sqlalchemy.engine.Engine SELECT event.title, event.description, event.category, event.event_start, event.event_end, event.location, event.max_attendees, event.price, event.image, event.thumbnail, event.requires_approval, event.id, event.organizer_id, event.created_at, event.is_active 
FROM event 
WHERE event.is_active = 1 AND (event.event_end IS NOT NULL AND event.event_end < ? OR event.event_end IS NULL AND event.event_start < ?)
2025-10-03 15:29:42,903 INFO sqlalchemy.engine.Engine [cached since 1875s ago] ('2025-10-03 15:29:42.640022', '2025-10-03 15:29:42.640022')
2025-10-03 15:29:42,932 INFO sqlalchemy.engine.Engine SELECT event.title, event.description, event.category, event.event_start, event.event_end, event.location, event.max_attendees, event.price, event.image, event.thumbnail, event.requires_approval, event.id, event.organizer_id, event.created_at, event.is_active, user.full_name AS organizer_name, user.role AS organizer_role, anon_1.attendees_count 
FROM event JOIN user ON user.id = event.organizer_id LEFT OUTER JOIN (SELECT rsvp.event_id AS eid, count(?) AS attendees_count 
FROM rsvp 
WHERE rsvp.status IN (?, ?) GROUP BY rsvp.event_id) AS anon_1 ON anon_1.eid = event.id 
WHERE event.is_active = 1 AND (event.event_end IS NOT NULL AND event.event_end >= ? OR event.event_end IS NULL AND event.event_start >= ?) ORDER BY event.event_start DESC
 LIMIT ? OFFSET ?
2025-10-03 15:29:42,934 INFO sqlalchemy.engine.Engine [cached since 1875s ago] (1, <RSVPStatus.GOING: 'going'>, <RSVPStatus.APPROVED: 'approved'>, '2025-10-03 15:29:42.640022', '2025-10-03 15:29:42.640022', 10, 0)
2025-10-03 15:29:42,974 INFO sqlalchemy.engine.Engine ROLLBACK
GET /api/v1/events -> 200 in 408.55ms
INFO:     127.0.0.1:47454 - "GET /api/v1/events?limit=10&include_past=false HTTP/1.1" 200 OK
2025-10-03 15:29:43,173 INFO sqlalchemy.engine.Engine BEGIN (implicit)
2025-10-03 15:29:43,177 INFO sqlalchemy.engine.Engine SELECT event.title, event.description, event.category, event.event_start, event.event_end, event.location, event.max_attendees, event.price, event.image, event.thumbnail, event.requires_approval, event.id, event.organizer_id, event.created_at, event.is_active 
FROM event 
WHERE event.is_active = 1 AND (event.event_end IS NOT NULL AND event.event_end < ? OR event.event_end IS NULL AND event.event_start < ?)
2025-10-03 15:29:43,178 INFO sqlalchemy.engine.Engine [cached since 1875s ago] ('2025-10-03 15:29:43.165888', '2025-10-03 15:29:43.165888')
2025-10-03 15:29:43,182 INFO sqlalchemy.engine.Engine SELECT event.title, event.description, event.category, event.event_start, event.event_end, event.location, event.max_attendees, event.price, event.image, event.thumbnail, event.requires_approval, event.id, event.organizer_id, event.created_at, event.is_active, user.full_name AS organizer_name, user.role AS organizer_role, anon_1.attendees_count 
FROM event JOIN user ON user.id = event.organizer_id LEFT OUTER JOIN (SELECT rsvp.event_id AS eid, count(?) AS attendees_count 
FROM rsvp 
WHERE rsvp.status IN (?, ?) GROUP BY rsvp.event_id) AS anon_1 ON anon_1.eid = event.id 
WHERE event.is_active = 1 AND (event.event_end IS NOT NULL AND event.event_end >= ? OR event.event_end IS NULL AND event.event_start >= ?) ORDER BY event.event_start DESC
 LIMIT ? OFFSET ?
2025-10-03 15:29:43,182 INFO sqlalchemy.engine.Engine [cached since 1875s ago] (1, <RSVPStatus.GOING: 'going'>, <RSVPStatus.APPROVED: 'approved'>, '2025-10-03 15:29:43.165888', '2025-10-03 15:29:43.165888', 10, 0)
2025-10-03 15:29:43,190 INFO sqlalchemy.engine.Engine ROLLBACK
GET /api/v1/events -> 200 in 42.87ms
INFO:     127.0.0.1:47462 - "GET /api/v1/events?limit=10&include_past=false HTTP/1.1" 200 OK
2025-10-03 15:31:31,368 INFO sqlalchemy.engine.Engine BEGIN (implicit)
2025-10-03 15:31:31,371 INFO sqlalchemy.engine.Engine SELECT event.title, event.description, event.category, event.event_start, event.event_end, event.location, event.max_attendees, event.price, event.image, event.thumbnail, event.requires_approval, event.id, event.organizer_id, event.created_at, event.is_active 
FROM event 
WHERE event.is_active = 1 AND (event.event_end IS NOT NULL AND event.event_end < ? OR event.event_end IS NULL AND event.event_start < ?)
2025-10-03 15:31:31,372 INFO sqlalchemy.engine.Engine [cached since 1977s ago] ('2025-10-03 15:31:31.359890', '2025-10-03 15:31:31.359890')
2025-10-03 15:31:31,382 INFO sqlalchemy.engine.Engine SELECT event.title, event.description, event.category, event.event_start, event.event_end, event.location, event.max_attendees, event.price, event.image, event.thumbnail, event.requires_approval, event.id, event.organizer_id, event.created_at, event.is_active, user.full_name AS organizer_name, user.role AS organizer_role, anon_1.attendees_count 
FROM event JOIN user ON user.id = event.organizer_id LEFT OUTER JOIN (SELECT rsvp.event_id AS eid, count(?) AS attendees_count 
FROM rsvp 
WHERE rsvp.status IN (?, ?) GROUP BY rsvp.event_id) AS anon_1 ON anon_1.eid = event.id 
WHERE event.is_active = 1 AND (event.event_end IS NOT NULL AND event.event_end >= ? OR event.event_end IS NULL AND event.event_start >= ?) ORDER BY event.event_start DESC
 LIMIT ? OFFSET ?
2025-10-03 15:31:31,383 INFO sqlalchemy.engine.Engine [cached since 1977s ago] (1, <RSVPStatus.GOING: 'going'>, <RSVPStatus.APPROVED: 'approved'>, '2025-10-03 15:31:31.359890', '2025-10-03 15:31:31.359890', 12, 0)
2025-10-03 15:31:31,389 INFO sqlalchemy.engine.Engine ROLLBACK
GET /api/v1/events -> 200 in 44.88ms
INFO:     127.0.0.1:45370 - "GET /api/v1/events?category=&date=&location=&search=&skip=0&limit=12 HTTP/1.1" 200 OK
2025-10-03 15:31:31,413 INFO sqlalchemy.engine.Engine BEGIN (implicit)
2025-10-03 15:31:31,414 INFO sqlalchemy.engine.Engine SELECT event.title, event.description, event.category, event.event_start, event.event_end, event.location, event.max_attendees, event.price, event.image, event.thumbnail, event.requires_approval, event.id, event.organizer_id, event.created_at, event.is_active 
FROM event 
WHERE event.is_active = 1 AND (event.event_end IS NOT NULL AND event.event_end < ? OR event.event_end IS NULL AND event.event_start < ?)
2025-10-03 15:31:31,414 INFO sqlalchemy.engine.Engine [cached since 1977s ago] ('2025-10-03 15:31:31.412666', '2025-10-03 15:31:31.412666')
2025-10-03 15:31:31,417 INFO sqlalchemy.engine.Engine SELECT event.title, event.description, event.category, event.event_start, event.event_end, event.location, event.max_attendees, event.price, event.image, event.thumbnail, event.requires_approval, event.id, event.organizer_id, event.created_at, event.is_active, user.full_name AS organizer_name, user.role AS organizer_role, anon_1.attendees_count 
FROM event JOIN user ON user.id = event.organizer_id LEFT OUTER JOIN (SELECT rsvp.event_id AS eid, count(?) AS attendees_count 
FROM rsvp 
WHERE rsvp.status IN (?, ?) GROUP BY rsvp.event_id) AS anon_1 ON anon_1.eid = event.id 
WHERE event.is_active = 1 AND (event.event_end IS NOT NULL AND event.event_end >= ? OR event.event_end IS NULL AND event.event_start >= ?) ORDER BY event.event_start DESC
 LIMIT ? OFFSET ?
2025-10-03 15:31:31,418 INFO sqlalchemy.engine.Engine [cached since 1977s ago] (1, <RSVPStatus.GOING: 'going'>, <RSVPStatus.APPROVED: 'approved'>, '2025-10-03 15:31:31.412666', '2025-10-03 15:31:31.412666', 12, 0)
2025-10-03 15:31:31,422 INFO sqlalchemy.engine.Engine ROLLBACK
GET /api/v1/events -> 200 in 12.29ms
INFO:     127.0.0.1:45384 - "GET /api/v1/events?category=&date=&location=&search=&skip=0&limit=12 HTTP/1.1" 200 OK
2025-10-03 15:31:31,575 INFO sqlalchemy.engine.Engine BEGIN (implicit)
2025-10-03 15:31:31,576 INFO sqlalchemy.engine.Engine SELECT event.title, event.description, event.category, event.event_start, event.event_end, event.location, event.max_attendees, event.price, event.image, event.thumbnail, event.requires_approval, event.id, event.organizer_id, event.created_at, event.is_active 
FROM event 
WHERE event.is_active = 1 AND (event.event_end IS NOT NULL AND event.event_end < ? OR event.event_end IS NULL AND event.event_start < ?)
2025-10-03 15:31:31,576 INFO sqlalchemy.engine.Engine [cached since 1978s ago] ('2025-10-03 15:31:31.574904', '2025-10-03 15:31:31.574904')
2025-10-03 15:31:31,579 INFO sqlalchemy.engine.Engine SELECT event.title, event.description, event.category, event.event_start, event.event_end, event.location, event.max_attendees, event.price, event.image, event.thumbnail, event.requires_approval, event.id, event.organizer_id, event.created_at, event.is_active, user.full_name AS organizer_name, user.role AS organizer_role, anon_1.attendees_count 
FROM event JOIN user ON user.id = event.organizer_id LEFT OUTER JOIN (SELECT rsvp.event_id AS eid, count(?) AS attendees_count 
FROM rsvp 
WHERE rsvp.status IN (?, ?) GROUP BY rsvp.event_id) AS anon_1 ON anon_1.eid = event.id 
WHERE event.is_active = 1 AND (event.event_end IS NOT NULL AND event.event_end >= ? OR event.event_end IS NULL AND event.event_start >= ?) ORDER BY event.event_start DESC
 LIMIT ? OFFSET ?
2025-10-03 15:31:31,579 INFO sqlalchemy.engine.Engine [cached since 1978s ago] (1, <RSVPStatus.GOING: 'going'>, <RSVPStatus.APPROVED: 'approved'>, '2025-10-03 15:31:31.574904', '2025-10-03 15:31:31.574904', 12, 0)
2025-10-03 15:31:31,584 INFO sqlalchemy.engine.Engine ROLLBACK
GET /api/v1/events -> 200 in 12.29ms
INFO:     127.0.0.1:45388 - "GET /api/v1/events?category=&date=&location=&search=&skip=0&limit=12 HTTP/1.1" 200 OK
2025-10-03 15:31:31,721 INFO sqlalchemy.engine.Engine BEGIN (implicit)
2025-10-03 15:31:31,721 INFO sqlalchemy.engine.Engine SELECT event.title, event.description, event.category, event.event_start, event.event_end, event.location, event.max_attendees, event.price, event.image, event.thumbnail, event.requires_approval, event.id, event.organizer_id, event.created_at, event.is_active 
FROM event 
WHERE event.is_active = 1 AND (event.event_end IS NOT NULL AND event.event_end < ? OR event.event_end IS NULL AND event.event_start < ?)
2025-10-03 15:31:31,721 INFO sqlalchemy.engine.Engine [cached since 1978s ago] ('2025-10-03 15:31:31.720558', '2025-10-03 15:31:31.720558')
2025-10-03 15:31:31,724 INFO sqlalchemy.engine.Engine SELECT event.title, event.description, event.category, event.event_start, event.event_end, event.location, event.max_attendees, event.price, event.image, event.thumbnail, event.requires_approval, event.id, event.organizer_id, event.created_at, event.is_active, user.full_name AS organizer_name, user.role AS organizer_role, anon_1.attendees_count 
FROM event JOIN user ON user.id = event.organizer_id LEFT OUTER JOIN (SELECT rsvp.event_id AS eid, count(?) AS attendees_count 
FROM rsvp 
WHERE rsvp.status IN (?, ?) GROUP BY rsvp.event_id) AS anon_1 ON anon_1.eid = event.id 
WHERE event.is_active = 1 AND (event.event_end IS NOT NULL AND event.event_end >= ? OR event.event_end IS NULL AND event.event_start >= ?) ORDER BY event.event_start DESC
 LIMIT ? OFFSET ?
2025-10-03 15:31:31,724 INFO sqlalchemy.engine.Engine [cached since 1978s ago] (1, <RSVPStatus.GOING: 'going'>, <RSVPStatus.APPROVED: 'approved'>, '2025-10-03 15:31:31.720558', '2025-10-03 15:31:31.720558', 12, 0)
2025-10-03 15:31:31,726 INFO sqlalchemy.engine.Engine ROLLBACK
GET /api/v1/events -> 200 in 7.54ms
INFO:     127.0.0.1:45404 - "GET /api/v1/events?category=&date=&location=&search=&skip=0&limit=12 HTTP/1.1" 200 OK
2025-10-03 15:31:31,878 INFO sqlalchemy.engine.Engine BEGIN (implicit)
2025-10-03 15:31:31,879 INFO sqlalchemy.engine.Engine SELECT event.title, event.description, event.category, event.event_start, event.event_end, event.location, event.max_attendees, event.price, event.image, event.thumbnail, event.requires_approval, event.id, event.organizer_id, event.created_at, event.is_active 
FROM event 
WHERE event.is_active = 1 AND (event.event_end IS NOT NULL AND event.event_end < ? OR event.event_end IS NULL AND event.event_start < ?)
2025-10-03 15:31:31,879 INFO sqlalchemy.engine.Engine [cached since 1978s ago] ('2025-10-03 15:31:31.878151', '2025-10-03 15:31:31.878151')
2025-10-03 15:31:31,881 INFO sqlalchemy.engine.Engine SELECT event.title, event.description, event.category, event.event_start, event.event_end, event.location, event.max_attendees, event.price, event.image, event.thumbnail, event.requires_approval, event.id, event.organizer_id, event.created_at, event.is_active, user.full_name AS organizer_name, user.role AS organizer_role, anon_1.attendees_count 
FROM event JOIN user ON user.id = event.organizer_id LEFT OUTER JOIN (SELECT rsvp.event_id AS eid, count(?) AS attendees_count 
FROM rsvp 
WHERE rsvp.status IN (?, ?) GROUP BY rsvp.event_id) AS anon_1 ON anon_1.eid = event.id 
WHERE event.is_active = 1 AND (event.event_end IS NOT NULL AND event.event_end >= ? OR event.event_end IS NULL AND event.event_start >= ?) ORDER BY event.event_start DESC
 LIMIT ? OFFSET ?
2025-10-03 15:31:31,882 INFO sqlalchemy.engine.Engine [cached since 1978s ago] (1, <RSVPStatus.GOING: 'going'>, <RSVPStatus.APPROVED: 'approved'>, '2025-10-03 15:31:31.878151', '2025-10-03 15:31:31.878151', 12, 0)
2025-10-03 15:31:31,883 INFO sqlalchemy.engine.Engine ROLLBACK
GET /api/v1/events -> 200 in 6.57ms
INFO:     127.0.0.1:45406 - "GET /api/v1/events?category=&date=&location=&search=&skip=0&limit=12 HTTP/1.1" 200 OK
2025-10-03 15:31:32,027 INFO sqlalchemy.engine.Engine BEGIN (implicit)
2025-10-03 15:31:32,028 INFO sqlalchemy.engine.Engine SELECT event.title, event.description, event.category, event.event_start, event.event_end, event.location, event.max_attendees, event.price, event.image, event.thumbnail, event.requires_approval, event.id, event.organizer_id, event.created_at, event.is_active 
FROM event 
WHERE event.is_active = 1 AND (event.event_end IS NOT NULL AND event.event_end < ? OR event.event_end IS NULL AND event.event_start < ?)
2025-10-03 15:31:32,028 INFO sqlalchemy.engine.Engine [cached since 1978s ago] ('2025-10-03 15:31:32.026714', '2025-10-03 15:31:32.026714')
2025-10-03 15:31:32,031 INFO sqlalchemy.engine.Engine SELECT event.title, event.description, event.category, event.event_start, event.event_end, event.location, event.max_attendees, event.price, event.image, event.thumbnail, event.requires_approval, event.id, event.organizer_id, event.created_at, event.is_active, user.full_name AS organizer_name, user.role AS organizer_role, anon_1.attendees_count 
FROM event JOIN user ON user.id = event.organizer_id LEFT OUTER JOIN (SELECT rsvp.event_id AS eid, count(?) AS attendees_count 
FROM rsvp 
WHERE rsvp.status IN (?, ?) GROUP BY rsvp.event_id) AS anon_1 ON anon_1.eid = event.id 
WHERE event.is_active = 1 AND (event.event_end IS NOT NULL AND event.event_end >= ? OR event.event_end IS NULL AND event.event_start >= ?) ORDER BY event.event_start DESC
 LIMIT ? OFFSET ?
2025-10-03 15:31:32,031 INFO sqlalchemy.engine.Engine [cached since 1978s ago] (1, <RSVPStatus.GOING: 'going'>, <RSVPStatus.APPROVED: 'approved'>, '2025-10-03 15:31:32.026714', '2025-10-03 15:31:32.026714', 12, 0)
2025-10-03 15:31:32,036 INFO sqlalchemy.engine.Engine ROLLBACK
GET /api/v1/events -> 200 in 12.02ms
INFO:     127.0.0.1:45408 - "GET /api/v1/events?category=&date=&location=&search=&skip=0&limit=12 HTTP/1.1" 200 OK
2025-10-03 15:36:18,339 INFO sqlalchemy.engine.Engine BEGIN (implicit)
2025-10-03 15:36:18,340 INFO sqlalchemy.engine.Engine SELECT event.title, event.description, event.category, event.event_start, event.event_end, event.location, event.max_attendees, event.price, event.image, event.thumbnail, event.requires_approval, event.id, event.organizer_id, event.created_at, event.is_active 
FROM event 
WHERE event.is_active = 1 AND (event.event_end IS NOT NULL AND event.event_end < ? OR event.event_end IS NULL AND event.event_start < ?)
2025-10-03 15:36:18,340 INFO sqlalchemy.engine.Engine [cached since 2249s ago] ('2025-10-03 15:36:18.338515', '2025-10-03 15:36:18.338515')
2025-10-03 15:36:18,343 INFO sqlalchemy.engine.Engine SELECT event.title, event.description, event.category, event.event_start, event.event_end, event.location, event.max_attendees, event.price, event.image, event.thumbnail, event.requires_approval, event.id, event.organizer_id, event.created_at, event.is_active, user.full_name AS organizer_name, user.role AS organizer_role, anon_1.attendees_count 
FROM event JOIN user ON user.id = event.organizer_id LEFT OUTER JOIN (SELECT rsvp.event_id AS eid, count(?) AS attendees_count 
FROM rsvp 
WHERE rsvp.status IN (?, ?) GROUP BY rsvp.event_id) AS anon_1 ON anon_1.eid = event.id 
WHERE event.is_active = 1 AND (event.event_end IS NOT NULL AND event.event_end >= ? OR event.event_end IS NULL AND event.event_start >= ?) ORDER BY event.event_start DESC
 LIMIT ? OFFSET ?
2025-10-03 15:36:18,343 INFO sqlalchemy.engine.Engine [cached since 2249s ago] (1, <RSVPStatus.GOING: 'going'>, <RSVPStatus.APPROVED: 'approved'>, '2025-10-03 15:36:18.338515', '2025-10-03 15:36:18.338515', 12, 0)
2025-10-03 15:36:18,344 INFO sqlalchemy.engine.Engine ROLLBACK
GET /api/v1/events -> 200 in 8.07ms
INFO:     127.0.0.1:40372 - "GET /api/v1/events?category=&date=&location=&search=&skip=0&limit=12 HTTP/1.1" 200 OK
2025-10-03 15:36:18,362 INFO sqlalchemy.engine.Engine BEGIN (implicit)
2025-10-03 15:36:18,362 INFO sqlalchemy.engine.Engine SELECT event.title, event.description, event.category, event.event_start, event.event_end, event.location, event.max_attendees, event.price, event.image, event.thumbnail, event.requires_approval, event.id, event.organizer_id, event.created_at, event.is_active 
FROM event 
WHERE event.is_active = 1 AND (event.event_end IS NOT NULL AND event.event_end < ? OR event.event_end IS NULL AND event.event_start < ?)
2025-10-03 15:36:18,362 INFO sqlalchemy.engine.Engine [cached since 2249s ago] ('2025-10-03 15:36:18.361287', '2025-10-03 15:36:18.361287')
2025-10-03 15:36:18,365 INFO sqlalchemy.engine.Engine SELECT event.title, event.description, event.category, event.event_start, event.event_end, event.location, event.max_attendees, event.price, event.image, event.thumbnail, event.requires_approval, event.id, event.organizer_id, event.created_at, event.is_active, user.full_name AS organizer_name, user.role AS organizer_role, anon_1.attendees_count 
FROM event JOIN user ON user.id = event.organizer_id LEFT OUTER JOIN (SELECT rsvp.event_id AS eid, count(?) AS attendees_count 
FROM rsvp 
WHERE rsvp.status IN (?, ?) GROUP BY rsvp.event_id) AS anon_1 ON anon_1.eid = event.id 
WHERE event.is_active = 1 AND (event.event_end IS NOT NULL AND event.event_end >= ? OR event.event_end IS NULL AND event.event_start >= ?) ORDER BY event.event_start DESC
 LIMIT ? OFFSET ?
2025-10-03 15:36:18,365 INFO sqlalchemy.engine.Engine [cached since 2249s ago] (1, <RSVPStatus.GOING: 'going'>, <RSVPStatus.APPROVED: 'approved'>, '2025-10-03 15:36:18.361287', '2025-10-03 15:36:18.361287', 12, 0)
2025-10-03 15:36:18,368 INFO sqlalchemy.engine.Engine ROLLBACK
GET /api/v1/events -> 200 in 10.55ms
INFO:     127.0.0.1:40374 - "GET /api/v1/events?category=&date=&location=&search=&skip=0&limit=12 HTTP/1.1" 200 OK
2025-10-03 15:36:18,388 INFO sqlalchemy.engine.Engine BEGIN (implicit)
2025-10-03 15:36:18,389 INFO sqlalchemy.engine.Engine SELECT event.title, event.description, event.category, event.event_start, event.event_end, event.location, event.max_attendees, event.price, event.image, event.thumbnail, event.requires_approval, event.id, event.organizer_id, event.created_at, event.is_active 
FROM event 
WHERE event.is_active = 1 AND (event.event_end IS NOT NULL AND event.event_end < ? OR event.event_end IS NULL AND event.event_start < ?)
2025-10-03 15:36:18,389 INFO sqlalchemy.engine.Engine [cached since 2249s ago] ('2025-10-03 15:36:18.387748', '2025-10-03 15:36:18.387748')
2025-10-03 15:36:18,391 INFO sqlalchemy.engine.Engine SELECT event.title, event.description, event.category, event.event_start, event.event_end, event.location, event.max_attendees, event.price, event.image, event.thumbnail, event.requires_approval, event.id, event.organizer_id, event.created_at, event.is_active, user.full_name AS organizer_name, user.role AS organizer_role, anon_1.attendees_count 
FROM event JOIN user ON user.id = event.organizer_id LEFT OUTER JOIN (SELECT rsvp.event_id AS eid, count(?) AS attendees_count 
FROM rsvp 
WHERE rsvp.status IN (?, ?) GROUP BY rsvp.event_id) AS anon_1 ON anon_1.eid = event.id 
WHERE event.is_active = 1 AND (event.event_end IS NOT NULL AND event.event_end >= ? OR event.event_end IS NULL AND event.event_start >= ?) ORDER BY event.event_start DESC
 LIMIT ? OFFSET ?
2025-10-03 15:36:18,392 INFO sqlalchemy.engine.Engine [cached since 2249s ago] (1, <RSVPStatus.GOING: 'going'>, <RSVPStatus.APPROVED: 'approved'>, '2025-10-03 15:36:18.387748', '2025-10-03 15:36:18.387748', 12, 0)
2025-10-03 15:36:18,393 INFO sqlalchemy.engine.Engine ROLLBACK
GET /api/v1/events -> 200 in 7.99ms
INFO:     127.0.0.1:40376 - "GET /api/v1/events?category=&date=&location=&search=&skip=0&limit=12 HTTP/1.1" 200 OK
2025-10-03 15:36:18,408 INFO sqlalchemy.engine.Engine BEGIN (implicit)
2025-10-03 15:36:18,408 INFO sqlalchemy.engine.Engine SELECT event.title, event.description, event.category, event.event_start, event.event_end, event.location, event.max_attendees, event.price, event.image, event.thumbnail, event.requires_approval, event.id, event.organizer_id, event.created_at, event.is_active 
FROM event 
WHERE event.is_active = 1 AND (event.event_end IS NOT NULL AND event.event_end < ? OR event.event_end IS NULL AND event.event_start < ?)
2025-10-03 15:36:18,409 INFO sqlalchemy.engine.Engine [cached since 2249s ago] ('2025-10-03 15:36:18.408037', '2025-10-03 15:36:18.408037')
2025-10-03 15:36:18,411 INFO sqlalchemy.engine.Engine SELECT event.title, event.description, event.category, event.event_start, event.event_end, event.location, event.max_attendees, event.price, event.image, event.thumbnail, event.requires_approval, event.id, event.organizer_id, event.created_at, event.is_active, user.full_name AS organizer_name, user.role AS organizer_role, anon_1.attendees_count 
FROM event JOIN user ON user.id = event.organizer_id LEFT OUTER JOIN (SELECT rsvp.event_id AS eid, count(?) AS attendees_count 
FROM rsvp 
WHERE rsvp.status IN (?, ?) GROUP BY rsvp.event_id) AS anon_1 ON anon_1.eid = event.id 
WHERE event.is_active = 1 AND (event.event_end IS NOT NULL AND event.event_end >= ? OR event.event_end IS NULL AND event.event_start >= ?) ORDER BY event.event_start DESC
 LIMIT ? OFFSET ?
2025-10-03 15:36:18,411 INFO sqlalchemy.engine.Engine [cached since 2249s ago] (1, <RSVPStatus.GOING: 'going'>, <RSVPStatus.APPROVED: 'approved'>, '2025-10-03 15:36:18.408037', '2025-10-03 15:36:18.408037', 12, 0)
2025-10-03 15:36:18,413 INFO sqlalchemy.engine.Engine ROLLBACK
GET /api/v1/events -> 200 in 7.19ms
INFO:     127.0.0.1:40380 - "GET /api/v1/events?category=&date=&location=&search=&skip=0&limit=12 HTTP/1.1" 200 OK
2025-10-03 15:36:18,429 INFO sqlalchemy.engine.Engine BEGIN (implicit)
2025-10-03 15:36:18,430 INFO sqlalchemy.engine.Engine SELECT event.title, event.description, event.category, event.event_start, event.event_end, event.location, event.max_attendees, event.price, event.image, event.thumbnail, event.requires_approval, event.id, event.organizer_id, event.created_at, event.is_active 
FROM event 
WHERE event.is_active = 1 AND (event.event_end IS NOT NULL AND event.event_end < ? OR event.event_end IS NULL AND event.event_start < ?)
2025-10-03 15:36:18,430 INFO sqlalchemy.engine.Engine [cached since 2250s ago] ('2025-10-03 15:36:18.429455', '2025-10-03 15:36:18.429455')
2025-10-03 15:36:18,433 INFO sqlalchemy.engine.Engine SELECT event.title, event.description, event.category, event.event_start, event.event_end, event.location, event.max_attendees, event.price, event.image, event.thumbnail, event.requires_approval, event.id, event.organizer_id, event.created_at, event.is_active, user.full_name AS organizer_name, user.role AS organizer_role, anon_1.attendees_count 
FROM event JOIN user ON user.id = event.organizer_id LEFT OUTER JOIN (SELECT rsvp.event_id AS eid, count(?) AS attendees_count 
FROM rsvp 
WHERE rsvp.status IN (?, ?) GROUP BY rsvp.event_id) AS anon_1 ON anon_1.eid = event.id 
WHERE event.is_active = 1 AND (event.event_end IS NOT NULL AND event.event_end >= ? OR event.event_end IS NULL AND event.event_start >= ?) ORDER BY event.event_start DESC
 LIMIT ? OFFSET ?
2025-10-03 15:36:18,433 INFO sqlalchemy.engine.Engine [cached since 2250s ago] (1, <RSVPStatus.GOING: 'going'>, <RSVPStatus.APPROVED: 'approved'>, '2025-10-03 15:36:18.429455', '2025-10-03 15:36:18.429455', 12, 0)
2025-10-03 15:36:18,436 INFO sqlalchemy.engine.Engine ROLLBACK
GET /api/v1/events -> 200 in 8.87ms
INFO:     127.0.0.1:40396 - "GET /api/v1/events?category=&date=&location=&search=&skip=0&limit=12 HTTP/1.1" 200 OK
2025-10-03 15:36:18,450 INFO sqlalchemy.engine.Engine BEGIN (implicit)
2025-10-03 15:36:18,450 INFO sqlalchemy.engine.Engine SELECT event.title, event.description, event.category, event.event_start, event.event_end, event.location, event.max_attendees, event.price, event.image, event.thumbnail, event.requires_approval, event.id, event.organizer_id, event.created_at, event.is_active 
FROM event 
WHERE event.is_active = 1 AND (event.event_end IS NOT NULL AND event.event_end < ? OR event.event_end IS NULL AND event.event_start < ?)
2025-10-03 15:36:18,450 INFO sqlalchemy.engine.Engine [cached since 2250s ago] ('2025-10-03 15:36:18.449931', '2025-10-03 15:36:18.449931')
2025-10-03 15:36:18,452 INFO sqlalchemy.engine.Engine SELECT event.title, event.description, event.category, event.event_start, event.event_end, event.location, event.max_attendees, event.price, event.image, event.thumbnail, event.requires_approval, event.id, event.organizer_id, event.created_at, event.is_active, user.full_name AS organizer_name, user.role AS organizer_role, anon_1.attendees_count 
FROM event JOIN user ON user.id = event.organizer_id LEFT OUTER JOIN (SELECT rsvp.event_id AS eid, count(?) AS attendees_count 
FROM rsvp 
WHERE rsvp.status IN (?, ?) GROUP BY rsvp.event_id) AS anon_1 ON anon_1.eid = event.id 
WHERE event.is_active = 1 AND (event.event_end IS NOT NULL AND event.event_end >= ? OR event.event_end IS NULL AND event.event_start >= ?) ORDER BY event.event_start DESC
 LIMIT ? OFFSET ?
2025-10-03 15:36:18,452 INFO sqlalchemy.engine.Engine [cached since 2250s ago] (1, <RSVPStatus.GOING: 'going'>, <RSVPStatus.APPROVED: 'approved'>, '2025-10-03 15:36:18.449931', '2025-10-03 15:36:18.449931', 12, 0)
2025-10-03 15:36:18,454 INFO sqlalchemy.engine.Engine ROLLBACK
GET /api/v1/events -> 200 in 5.79ms
INFO:     127.0.0.1:40404 - "GET /api/v1/events?category=&date=&location=&search=&skip=0&limit=12 HTTP/1.1" 200 OK
2025-10-03 15:36:28,131 INFO sqlalchemy.engine.Engine BEGIN (implicit)
2025-10-03 15:36:28,131 INFO sqlalchemy.engine.Engine SELECT event.title, event.description, event.category, event.event_start, event.event_end, event.location, event.max_attendees, event.price, event.image, event.thumbnail, event.requires_approval, event.id, event.organizer_id, event.created_at, event.is_active 
FROM event 
WHERE event.is_active = 1 AND (event.event_end IS NOT NULL AND event.event_end < ? OR event.event_end IS NULL AND event.event_start < ?)
2025-10-03 15:36:28,132 INFO sqlalchemy.engine.Engine [cached since 2257s ago] ('2025-10-03 15:36:28.130448', '2025-10-03 15:36:28.130448')
2025-10-03 15:36:28,134 INFO sqlalchemy.engine.Engine SELECT event.title, event.description, event.category, event.event_start, event.event_end, event.location, event.max_attendees, event.price, event.image, event.thumbnail, event.requires_approval, event.id, event.organizer_id, event.created_at, event.is_active, user.full_name AS organizer_name, user.role AS organizer_role, anon_1.attendees_count 
FROM event JOIN user ON user.id = event.organizer_id LEFT OUTER JOIN (SELECT rsvp.event_id AS eid, count(?) AS attendees_count 
FROM rsvp 
WHERE rsvp.status IN (?, ?) GROUP BY rsvp.event_id) AS anon_1 ON anon_1.eid = event.id 
WHERE event.is_active = 1 AND (event.event_end IS NOT NULL AND event.event_end >= ? OR event.event_end IS NULL AND event.event_start >= ?) ORDER BY event.event_start DESC
 LIMIT ? OFFSET ?
2025-10-03 15:36:28,134 INFO sqlalchemy.engine.Engine [cached since 2257s ago] (1, <RSVPStatus.GOING: 'going'>, <RSVPStatus.APPROVED: 'approved'>, '2025-10-03 15:36:28.130448', '2025-10-03 15:36:28.130448', 12, 0)
2025-10-03 15:36:28,136 INFO sqlalchemy.engine.Engine ROLLBACK
GET /api/v1/events -> 200 in 7.40ms
INFO:     127.0.0.1:36476 - "GET /api/v1/events?category=&date=&location=&search=&skip=0&limit=12 HTTP/1.1" 200 OK
2025-10-03 15:36:28,261 INFO sqlalchemy.engine.Engine BEGIN (implicit)
2025-10-03 15:36:28,261 INFO sqlalchemy.engine.Engine SELECT event.title, event.description, event.category, event.event_start, event.event_end, event.location, event.max_attendees, event.price, event.image, event.thumbnail, event.requires_approval, event.id, event.organizer_id, event.created_at, event.is_active 
FROM event 
WHERE event.is_active = 1 AND (event.event_end IS NOT NULL AND event.event_end < ? OR event.event_end IS NULL AND event.event_start < ?)
2025-10-03 15:36:28,261 INFO sqlalchemy.engine.Engine [cached since 2258s ago] ('2025-10-03 15:36:28.260560', '2025-10-03 15:36:28.260560')
2025-10-03 15:36:28,264 INFO sqlalchemy.engine.Engine SELECT event.title, event.description, event.category, event.event_start, event.event_end, event.location, event.max_attendees, event.price, event.image, event.thumbnail, event.requires_approval, event.id, event.organizer_id, event.created_at, event.is_active, user.full_name AS organizer_name, user.role AS organizer_role, anon_1.attendees_count 
FROM event JOIN user ON user.id = event.organizer_id LEFT OUTER JOIN (SELECT rsvp.event_id AS eid, count(?) AS attendees_count 
FROM rsvp 
WHERE rsvp.status IN (?, ?) GROUP BY rsvp.event_id) AS anon_1 ON anon_1.eid = event.id 
WHERE event.is_active = 1 AND (event.event_end IS NOT NULL AND event.event_end >= ? OR event.event_end IS NULL AND event.event_start >= ?) ORDER BY event.event_start DESC
 LIMIT ? OFFSET ?
2025-10-03 15:36:28,264 INFO sqlalchemy.engine.Engine [cached since 2257s ago] (1, <RSVPStatus.GOING: 'going'>, <RSVPStatus.APPROVED: 'approved'>, '2025-10-03 15:36:28.260560', '2025-10-03 15:36:28.260560', 12, 0)
2025-10-03 15:36:28,266 INFO sqlalchemy.engine.Engine ROLLBACK
GET /api/v1/events -> 200 in 7.45ms
INFO:     127.0.0.1:36492 - "GET /api/v1/events?category=&date=&location=&search=&skip=0&limit=12 HTTP/1.1" 200 OK
2025-10-03 15:36:28,284 INFO sqlalchemy.engine.Engine BEGIN (implicit)
2025-10-03 15:36:28,284 INFO sqlalchemy.engine.Engine SELECT event.title, event.description, event.category, event.event_start, event.event_end, event.location, event.max_attendees, event.price, event.image, event.thumbnail, event.requires_approval, event.id, event.organizer_id, event.created_at, event.is_active 
FROM event 
WHERE event.is_active = 1 AND (event.event_end IS NOT NULL AND event.event_end < ? OR event.event_end IS NULL AND event.event_start < ?)
2025-10-03 15:36:28,285 INFO sqlalchemy.engine.Engine [cached since 2258s ago] ('2025-10-03 15:36:28.284069', '2025-10-03 15:36:28.284069')
2025-10-03 15:36:28,286 INFO sqlalchemy.engine.Engine SELECT event.title, event.description, event.category, event.event_start, event.event_end, event.location, event.max_attendees, event.price, event.image, event.thumbnail, event.requires_approval, event.id, event.organizer_id, event.created_at, event.is_active, user.full_name AS organizer_name, user.role AS organizer_role, anon_1.attendees_count 
FROM event JOIN user ON user.id = event.organizer_id LEFT OUTER JOIN (SELECT rsvp.event_id AS eid, count(?) AS attendees_count 
FROM rsvp 
WHERE rsvp.status IN (?, ?) GROUP BY rsvp.event_id) AS anon_1 ON anon_1.eid = event.id 
WHERE event.is_active = 1 AND (event.event_end IS NOT NULL AND event.event_end >= ? OR event.event_end IS NULL AND event.event_start >= ?) ORDER BY event.event_start DESC
 LIMIT ? OFFSET ?
2025-10-03 15:36:28,287 INFO sqlalchemy.engine.Engine [cached since 2258s ago] (1, <RSVPStatus.GOING: 'going'>, <RSVPStatus.APPROVED: 'approved'>, '2025-10-03 15:36:28.284069', '2025-10-03 15:36:28.284069', 12, 0)
2025-10-03 15:36:28,288 INFO sqlalchemy.engine.Engine ROLLBACK
GET /api/v1/events -> 200 in 5.86ms
INFO:     127.0.0.1:36500 - "GET /api/v1/events?category=&date=&location=&search=&skip=0&limit=12 HTTP/1.1" 200 OK
2025-10-03 15:36:28,312 INFO sqlalchemy.engine.Engine BEGIN (implicit)
2025-10-03 15:36:28,313 INFO sqlalchemy.engine.Engine SELECT event.title, event.description, event.category, event.event_start, event.event_end, event.location, event.max_attendees, event.price, event.image, event.thumbnail, event.requires_approval, event.id, event.organizer_id, event.created_at, event.is_active 
FROM event 
WHERE event.is_active = 1 AND (event.event_end IS NOT NULL AND event.event_end < ? OR event.event_end IS NULL AND event.event_start < ?)
2025-10-03 15:36:28,313 INFO sqlalchemy.engine.Engine [cached since 2258s ago] ('2025-10-03 15:36:28.311993', '2025-10-03 15:36:28.311993')
2025-10-03 15:36:28,316 INFO sqlalchemy.engine.Engine SELECT event.title, event.description, event.category, event.event_start, event.event_end, event.location, event.max_attendees, event.price, event.image, event.thumbnail, event.requires_approval, event.id, event.organizer_id, event.created_at, event.is_active, user.full_name AS organizer_name, user.role AS organizer_role, anon_1.attendees_count 
FROM event JOIN user ON user.id = event.organizer_id LEFT OUTER JOIN (SELECT rsvp.event_id AS eid, count(?) AS attendees_count 
FROM rsvp 
WHERE rsvp.status IN (?, ?) GROUP BY rsvp.event_id) AS anon_1 ON anon_1.eid = event.id 
WHERE event.is_active = 1 AND (event.event_end IS NOT NULL AND event.event_end >= ? OR event.event_end IS NULL AND event.event_start >= ?) ORDER BY event.event_start DESC
 LIMIT ? OFFSET ?
2025-10-03 15:36:28,316 INFO sqlalchemy.engine.Engine [cached since 2258s ago] (1, <RSVPStatus.GOING: 'going'>, <RSVPStatus.APPROVED: 'approved'>, '2025-10-03 15:36:28.311993', '2025-10-03 15:36:28.311993', 12, 0)
2025-10-03 15:36:28,319 INFO sqlalchemy.engine.Engine ROLLBACK
GET /api/v1/events -> 200 in 9.36ms
INFO:     127.0.0.1:36510 - "GET /api/v1/events?category=&date=&location=&search=&skip=0&limit=12 HTTP/1.1" 200 OK
2025-10-03 15:36:28,344 INFO sqlalchemy.engine.Engine BEGIN (implicit)
2025-10-03 15:36:28,344 INFO sqlalchemy.engine.Engine SELECT event.title, event.description, event.category, event.event_start, event.event_end, event.location, event.max_attendees, event.price, event.image, event.thumbnail, event.requires_approval, event.id, event.organizer_id, event.created_at, event.is_active 
FROM event 
WHERE event.is_active = 1 AND (event.event_end IS NOT NULL AND event.event_end < ? OR event.event_end IS NULL AND event.event_start < ?)
2025-10-03 15:36:28,344 INFO sqlalchemy.engine.Engine [cached since 2258s ago] ('2025-10-03 15:36:28.343783', '2025-10-03 15:36:28.343783')
2025-10-03 15:36:28,347 INFO sqlalchemy.engine.Engine SELECT event.title, event.description, event.category, event.event_start, event.event_end, event.location, event.max_attendees, event.price, event.image, event.thumbnail, event.requires_approval, event.id, event.organizer_id, event.created_at, event.is_active, user.full_name AS organizer_name, user.role AS organizer_role, anon_1.attendees_count 
FROM event JOIN user ON user.id = event.organizer_id LEFT OUTER JOIN (SELECT rsvp.event_id AS eid, count(?) AS attendees_count 
FROM rsvp 
WHERE rsvp.status IN (?, ?) GROUP BY rsvp.event_id) AS anon_1 ON anon_1.eid = event.id 
WHERE event.is_active = 1 AND (event.event_end IS NOT NULL AND event.event_end >= ? OR event.event_end IS NULL AND event.event_start >= ?) ORDER BY event.event_start DESC
 LIMIT ? OFFSET ?
2025-10-03 15:36:28,347 INFO sqlalchemy.engine.Engine [cached since 2258s ago] (1, <RSVPStatus.GOING: 'going'>, <RSVPStatus.APPROVED: 'approved'>, '2025-10-03 15:36:28.343783', '2025-10-03 15:36:28.343783', 12, 0)
2025-10-03 15:36:28,351 INFO sqlalchemy.engine.Engine ROLLBACK
GET /api/v1/events -> 200 in 9.14ms
INFO:     127.0.0.1:36514 - "GET /api/v1/events?category=&date=&location=&search=&skip=0&limit=12 HTTP/1.1" 200 OK
2025-10-03 15:36:28,365 INFO sqlalchemy.engine.Engine BEGIN (implicit)
2025-10-03 15:36:28,365 INFO sqlalchemy.engine.Engine SELECT event.title, event.description, event.category, event.event_start, event.event_end, event.location, event.max_attendees, event.price, event.image, event.thumbnail, event.requires_approval, event.id, event.organizer_id, event.created_at, event.is_active 
FROM event 
WHERE event.is_active = 1 AND (event.event_end IS NOT NULL AND event.event_end < ? OR event.event_end IS NULL AND event.event_start < ?)
2025-10-03 15:36:28,365 INFO sqlalchemy.engine.Engine [cached since 2258s ago] ('2025-10-03 15:36:28.364838', '2025-10-03 15:36:28.364838')
2025-10-03 15:36:28,367 INFO sqlalchemy.engine.Engine SELECT event.title, event.description, event.category, event.event_start, event.event_end, event.location, event.max_attendees, event.price, event.image, event.thumbnail, event.requires_approval, event.id, event.organizer_id, event.created_at, event.is_active, user.full_name AS organizer_name, user.role AS organizer_role, anon_1.attendees_count 
FROM event JOIN user ON user.id = event.organizer_id LEFT OUTER JOIN (SELECT rsvp.event_id AS eid, count(?) AS attendees_count 
FROM rsvp 
WHERE rsvp.status IN (?, ?) GROUP BY rsvp.event_id) AS anon_1 ON anon_1.eid = event.id 
WHERE event.is_active = 1 AND (event.event_end IS NOT NULL AND event.event_end >= ? OR event.event_end IS NULL AND event.event_start >= ?) ORDER BY event.event_start DESC
 LIMIT ? OFFSET ?
2025-10-03 15:36:28,367 INFO sqlalchemy.engine.Engine [cached since 2258s ago] (1, <RSVPStatus.GOING: 'going'>, <RSVPStatus.APPROVED: 'approved'>, '2025-10-03 15:36:28.364838', '2025-10-03 15:36:28.364838', 12, 0)
2025-10-03 15:36:28,369 INFO sqlalchemy.engine.Engine ROLLBACK
GET /api/v1/events -> 200 in 5.91ms
INFO:     127.0.0.1:36516 - "GET /api/v1/events?category=&date=&location=&search=&skip=0&limit=12 HTTP/1.1" 200 OK
2025-10-03 15:38:15,118 INFO sqlalchemy.engine.Engine BEGIN (implicit)
2025-10-03 15:38:15,121 INFO sqlalchemy.engine.Engine SELECT event.title, event.description, event.category, event.event_start, event.event_end, event.location, event.max_attendees, event.price, event.image, event.thumbnail, event.requires_approval, event.id, event.organizer_id, event.created_at, event.is_active 
FROM event 
WHERE event.is_active = 1 AND (event.event_end IS NOT NULL AND event.event_end < ? OR event.event_end IS NULL AND event.event_start < ?)
2025-10-03 15:38:15,121 INFO sqlalchemy.engine.Engine [cached since 2359s ago] ('2025-10-03 15:38:15.108163', '2025-10-03 15:38:15.108163')
2025-10-03 15:38:15,131 INFO sqlalchemy.engine.Engine SELECT event.title, event.description, event.category, event.event_start, event.event_end, event.location, event.max_attendees, event.price, event.image, event.thumbnail, event.requires_approval, event.id, event.organizer_id, event.created_at, event.is_active, user.full_name AS organizer_name, user.role AS organizer_role, anon_1.attendees_count 
FROM event JOIN user ON user.id = event.organizer_id LEFT OUTER JOIN (SELECT rsvp.event_id AS eid, count(?) AS attendees_count 
FROM rsvp 
WHERE rsvp.status IN (?, ?) GROUP BY rsvp.event_id) AS anon_1 ON anon_1.eid = event.id 
WHERE event.is_active = 1 AND (event.event_end IS NOT NULL AND event.event_end >= ? OR event.event_end IS NULL AND event.event_start >= ?) ORDER BY event.event_start DESC
 LIMIT ? OFFSET ?
2025-10-03 15:38:15,131 INFO sqlalchemy.engine.Engine [cached since 2359s ago] (1, <RSVPStatus.GOING: 'going'>, <RSVPStatus.APPROVED: 'approved'>, '2025-10-03 15:38:15.108163', '2025-10-03 15:38:15.108163', 10, 0)
2025-10-03 15:38:15,141 INFO sqlalchemy.engine.Engine ROLLBACK
GET /api/v1/events -> 200 in 40.08ms
INFO:     127.0.0.1:52924 - "GET /api/v1/events?limit=10&include_past=false HTTP/1.1" 200 OK
2025-10-03 15:38:15,388 INFO sqlalchemy.engine.Engine BEGIN (implicit)
2025-10-03 15:38:15,388 INFO sqlalchemy.engine.Engine SELECT event.title, event.description, event.category, event.event_start, event.event_end, event.location, event.max_attendees, event.price, event.image, event.thumbnail, event.requires_approval, event.id, event.organizer_id, event.created_at, event.is_active 
FROM event 
WHERE event.is_active = 1 AND (event.event_end IS NOT NULL AND event.event_end < ? OR event.event_end IS NULL AND event.event_start < ?)
2025-10-03 15:38:15,389 INFO sqlalchemy.engine.Engine [cached since 2359s ago] ('2025-10-03 15:38:15.387336', '2025-10-03 15:38:15.387336')
2025-10-03 15:38:15,392 INFO sqlalchemy.engine.Engine SELECT event.title, event.description, event.category, event.event_start, event.event_end, event.location, event.max_attendees, event.price, event.image, event.thumbnail, event.requires_approval, event.id, event.organizer_id, event.created_at, event.is_active, user.full_name AS organizer_name, user.role AS organizer_role, anon_1.attendees_count 
FROM event JOIN user ON user.id = event.organizer_id LEFT OUTER JOIN (SELECT rsvp.event_id AS eid, count(?) AS attendees_count 
FROM rsvp 
WHERE rsvp.status IN (?, ?) GROUP BY rsvp.event_id) AS anon_1 ON anon_1.eid = event.id 
WHERE event.is_active = 1 AND (event.event_end IS NOT NULL AND event.event_end >= ? OR event.event_end IS NULL AND event.event_start >= ?) ORDER BY event.event_start DESC
 LIMIT ? OFFSET ?
2025-10-03 15:38:15,392 INFO sqlalchemy.engine.Engine [cached since 2359s ago] (1, <RSVPStatus.GOING: 'going'>, <RSVPStatus.APPROVED: 'approved'>, '2025-10-03 15:38:15.387336', '2025-10-03 15:38:15.387336', 10, 0)
2025-10-03 15:38:15,398 INFO sqlalchemy.engine.Engine ROLLBACK
GET /api/v1/events -> 200 in 20.02ms
INFO:     127.0.0.1:52938 - "GET /api/v1/events?limit=10&include_past=false HTTP/1.1" 200 OK
2025-10-03 15:44:55,148 INFO sqlalchemy.engine.Engine BEGIN (implicit)
2025-10-03 15:44:55,151 INFO sqlalchemy.engine.Engine SELECT event.title, event.description, event.category, event.event_start, event.event_end, event.location, event.max_attendees, event.price, event.image, event.thumbnail, event.requires_approval, event.id, event.organizer_id, event.created_at, event.is_active 
FROM event 
WHERE event.is_active = 1 AND (event.event_end IS NOT NULL AND event.event_end < ? OR event.event_end IS NULL AND event.event_start < ?)
2025-10-03 15:44:55,152 INFO sqlalchemy.engine.Engine [cached since 2737s ago] ('2025-10-03 15:44:55.141597', '2025-10-03 15:44:55.141597')
2025-10-03 15:44:55,163 INFO sqlalchemy.engine.Engine SELECT event.title, event.description, event.category, event.event_start, event.event_end, event.location, event.max_attendees, event.price, event.image, event.thumbnail, event.requires_approval, event.id, event.organizer_id, event.created_at, event.is_active, user.full_name AS organizer_name, user.role AS organizer_role, anon_1.attendees_count 
FROM event JOIN user ON user.id = event.organizer_id LEFT OUTER JOIN (SELECT rsvp.event_id AS eid, count(?) AS attendees_count 
FROM rsvp 
WHERE rsvp.status IN (?, ?) GROUP BY rsvp.event_id) AS anon_1 ON anon_1.eid = event.id 
WHERE event.is_active = 1 AND (event.event_end IS NOT NULL AND event.event_end >= ? OR event.event_end IS NULL AND event.event_start >= ?) ORDER BY event.event_start DESC
 LIMIT ? OFFSET ?
2025-10-03 15:44:55,163 INFO sqlalchemy.engine.Engine [cached since 2737s ago] (1, <RSVPStatus.GOING: 'going'>, <RSVPStatus.APPROVED: 'approved'>, '2025-10-03 15:44:55.141597', '2025-10-03 15:44:55.141597', 10, 0)
2025-10-03 15:44:55,167 INFO sqlalchemy.engine.Engine ROLLBACK
GET /api/v1/events -> 200 in 32.49ms
INFO:     127.0.0.1:60878 - "GET /api/v1/events?limit=10&include_past=false HTTP/1.1" 200 OK
2025-10-03 15:44:55,195 INFO sqlalchemy.engine.Engine BEGIN (implicit)
2025-10-03 15:44:55,196 INFO sqlalchemy.engine.Engine SELECT event.title, event.description, event.category, event.event_start, event.event_end, event.location, event.max_attendees, event.price, event.image, event.thumbnail, event.requires_approval, event.id, event.organizer_id, event.created_at, event.is_active 
FROM event 
WHERE event.is_active = 1 AND (event.event_end IS NOT NULL AND event.event_end < ? OR event.event_end IS NULL AND event.event_start < ?)
2025-10-03 15:44:55,196 INFO sqlalchemy.engine.Engine [cached since 2737s ago] ('2025-10-03 15:44:55.194885', '2025-10-03 15:44:55.194885')
2025-10-03 15:44:55,202 INFO sqlalchemy.engine.Engine SELECT event.title, event.description, event.category, event.event_start, event.event_end, event.location, event.max_attendees, event.price, event.image, event.thumbnail, event.requires_approval, event.id, event.organizer_id, event.created_at, event.is_active, user.full_name AS organizer_name, user.role AS organizer_role, anon_1.attendees_count 
FROM event JOIN user ON user.id = event.organizer_id LEFT OUTER JOIN (SELECT rsvp.event_id AS eid, count(?) AS attendees_count 
FROM rsvp 
WHERE rsvp.status IN (?, ?) GROUP BY rsvp.event_id) AS anon_1 ON anon_1.eid = event.id 
WHERE event.is_active = 1 AND (event.event_end IS NOT NULL AND event.event_end >= ? OR event.event_end IS NULL AND event.event_start >= ?) ORDER BY event.event_start DESC
 LIMIT ? OFFSET ?
2025-10-03 15:44:55,202 INFO sqlalchemy.engine.Engine [cached since 2737s ago] (1, <RSVPStatus.GOING: 'going'>, <RSVPStatus.APPROVED: 'approved'>, '2025-10-03 15:44:55.194885', '2025-10-03 15:44:55.194885', 10, 0)
2025-10-03 15:44:55,204 INFO sqlalchemy.engine.Engine ROLLBACK
GET /api/v1/events -> 200 in 15.15ms
INFO:     127.0.0.1:60894 - "GET /api/v1/events?limit=10&include_past=false HTTP/1.1" 200 OK
2025-10-03 16:05:05,774 INFO sqlalchemy.engine.Engine BEGIN (implicit)
2025-10-03 16:05:05,798 INFO sqlalchemy.engine.Engine SELECT user.email, user.full_name, user.role, user.is_active, user.id, user.hashed_password, user.created_at 
FROM user 
WHERE user.email = ?
2025-10-03 16:05:05,799 INFO sqlalchemy.engine.Engine [generated in 0.00238s] ('admin@eventify.com',)
2025-10-03 16:05:06,098 INFO sqlalchemy.engine.Engine ROLLBACK
POST /api/v1/auth/login -> 200 in 398.85ms
INFO:     127.0.0.1:40774 - "POST /api/v1/auth/login HTTP/1.1" 200 OK
2025-10-03 16:05:06,197 INFO sqlalchemy.engine.Engine BEGIN (implicit)
2025-10-03 16:05:06,198 INFO sqlalchemy.engine.Engine SELECT event.title, event.description, event.category, event.event_start, event.event_end, event.location, event.max_attendees, event.price, event.image, event.thumbnail, event.requires_approval, event.id, event.organizer_id, event.created_at, event.is_active 
FROM event 
WHERE event.is_active = 1 AND (event.event_end IS NOT NULL AND event.event_end < ? OR event.event_end IS NULL AND event.event_start < ?)
2025-10-03 16:05:06,199 INFO sqlalchemy.engine.Engine [cached since 3883s ago] ('2025-10-03 16:05:06.194117', '2025-10-03 16:05:06.194117')
2025-10-03 16:05:06,230 INFO sqlalchemy.engine.Engine SELECT event.title, event.description, event.category, event.event_start, event.event_end, event.location, event.max_attendees, event.price, event.image, event.thumbnail, event.requires_approval, event.id, event.organizer_id, event.created_at, event.is_active, user.full_name AS organizer_name, user.role AS organizer_role, anon_1.attendees_count 
FROM event JOIN user ON user.id = event.organizer_id LEFT OUTER JOIN (SELECT rsvp.event_id AS eid, count(?) AS attendees_count 
FROM rsvp 
WHERE rsvp.status IN (?, ?) GROUP BY rsvp.event_id) AS anon_1 ON anon_1.eid = event.id 
WHERE event.is_active = 1 AND (event.event_end IS NOT NULL AND event.event_end >= ? OR event.event_end IS NULL AND event.event_start >= ?) AND event.organizer_id = ? ORDER BY event.event_start DESC
 LIMIT ? OFFSET ?
2025-10-03 16:05:06,231 INFO sqlalchemy.engine.Engine [generated in 0.00234s] (1, <RSVPStatus.GOING: 'going'>, <RSVPStatus.APPROVED: 'approved'>, '2025-10-03 16:05:06.194117', '2025-10-03 16:05:06.194117', 1, 100, 0)
2025-10-03 16:05:06,243 INFO sqlalchemy.engine.Engine ROLLBACK
GET /api/v1/events -> 200 in 56.08ms
INFO:     127.0.0.1:40788 - "GET /api/v1/events?created_by=1 HTTP/1.1" 200 OK
2025-10-03 16:05:06,459 INFO sqlalchemy.engine.Engine BEGIN (implicit)
2025-10-03 16:05:06,460 INFO sqlalchemy.engine.Engine SELECT event.title, event.description, event.category, event.event_start, event.event_end, event.location, event.max_attendees, event.price, event.image, event.thumbnail, event.requires_approval, event.id, event.organizer_id, event.created_at, event.is_active 
FROM event 
WHERE event.is_active = 1 AND (event.event_end IS NOT NULL AND event.event_end < ? OR event.event_end IS NULL AND event.event_start < ?)
2025-10-03 16:05:06,460 INFO sqlalchemy.engine.Engine [cached since 3884s ago] ('2025-10-03 16:05:06.458093', '2025-10-03 16:05:06.458093')
2025-10-03 16:05:06,476 INFO sqlalchemy.engine.Engine SELECT event.title, event.description, event.category, event.event_start, event.event_end, event.location, event.max_attendees, event.price, event.image, event.thumbnail, event.requires_approval, event.id, event.organizer_id, event.created_at, event.is_active, user.full_name AS organizer_name, user.role AS organizer_role, anon_1.attendees_count 
FROM event JOIN user ON user.id = event.organizer_id LEFT OUTER JOIN (SELECT rsvp.event_id AS eid, count(?) AS attendees_count 
FROM rsvp 
WHERE rsvp.status IN (?, ?) GROUP BY rsvp.event_id) AS anon_1 ON anon_1.eid = event.id 
WHERE event.is_active = 1 AND (event.event_end IS NOT NULL AND event.event_end >= ? OR event.event_end IS NULL AND event.event_start >= ?) AND (EXISTS (SELECT 1 
FROM rsvp 
WHERE rsvp.event_id = event.id AND rsvp.status IN (?, ?) AND rsvp.user_id = ?)) ORDER BY event.event_start DESC
 LIMIT ? OFFSET ?
2025-10-03 16:05:06,477 INFO sqlalchemy.engine.Engine [generated in 0.00067s] (1, <RSVPStatus.GOING: 'going'>, <RSVPStatus.APPROVED: 'approved'>, '2025-10-03 16:05:06.458093', '2025-10-03 16:05:06.458093', <RSVPStatus.GOING: 'going'>, <RSVPStatus.APPROVED: 'approved'>, 1, 100, 0)
2025-10-03 16:05:06,494 INFO sqlalchemy.engine.Engine ROLLBACK
2025-10-03 16:05:06,496 INFO sqlalchemy.engine.Engine BEGIN (implicit)
2025-10-03 16:05:06,497 INFO sqlalchemy.engine.Engine SELECT event.title, event.description, event.category, event.event_start, event.event_end, event.location, event.max_attendees, event.price, event.image, event.thumbnail, event.requires_approval, event.id, event.organizer_id, event.created_at, event.is_active 
FROM event 
WHERE event.is_active = 1 AND (event.event_end IS NOT NULL AND event.event_end < ? OR event.event_end IS NULL AND event.event_start < ?)
2025-10-03 16:05:06,497 INFO sqlalchemy.engine.Engine [cached since 3884s ago] ('2025-10-03 16:05:06.496025', '2025-10-03 16:05:06.496025')
2025-10-03 16:05:06,503 INFO sqlalchemy.engine.Engine SELECT event.title, event.description, event.category, event.event_start, event.event_end, event.location, event.max_attendees, event.price, event.image, event.thumbnail, event.requires_approval, event.id, event.organizer_id, event.created_at, event.is_active, user.full_name AS organizer_name, user.role AS organizer_role, anon_1.attendees_count 
FROM event JOIN user ON user.id = event.organizer_id LEFT OUTER JOIN (SELECT rsvp.event_id AS eid, count(?) AS attendees_count 
FROM rsvp 
WHERE rsvp.status IN (?, ?) GROUP BY rsvp.event_id) AS anon_1 ON anon_1.eid = event.id 
WHERE event.is_active = 1 AND (event.event_end IS NOT NULL AND event.event_end >= ? OR event.event_end IS NULL AND event.event_start >= ?) AND event.organizer_id = ? ORDER BY event.event_start DESC
 LIMIT ? OFFSET ?
2025-10-03 16:05:06,503 INFO sqlalchemy.engine.Engine [cached since 0.2747s ago] (1, <RSVPStatus.GOING: 'going'>, <RSVPStatus.APPROVED: 'approved'>, '2025-10-03 16:05:06.496025', '2025-10-03 16:05:06.496025', 1, 100, 0)
GET /api/v1/events -> 200 in 50.44ms
INFO:     127.0.0.1:40800 - "GET /api/v1/events?rsvp_status=going,approved&rsvp_user_id=1 HTTP/1.1" 200 OK
2025-10-03 16:05:06,507 INFO sqlalchemy.engine.Engine ROLLBACK
GET /api/v1/events -> 200 in 17.18ms
INFO:     127.0.0.1:40808 - "GET /api/v1/events?created_by=1 HTTP/1.1" 200 OK
2025-10-03 16:05:06,548 INFO sqlalchemy.engine.Engine BEGIN (implicit)
2025-10-03 16:05:06,548 INFO sqlalchemy.engine.Engine SELECT event.title, event.description, event.category, event.event_start, event.event_end, event.location, event.max_attendees, event.price, event.image, event.thumbnail, event.requires_approval, event.id, event.organizer_id, event.created_at, event.is_active 
FROM event 
WHERE event.is_active = 1 AND (event.event_end IS NOT NULL AND event.event_end < ? OR event.event_end IS NULL AND event.event_start < ?)
2025-10-03 16:05:06,549 INFO sqlalchemy.engine.Engine [cached since 3884s ago] ('2025-10-03 16:05:06.547813', '2025-10-03 16:05:06.547813')
2025-10-03 16:05:06,552 INFO sqlalchemy.engine.Engine SELECT event.title, event.description, event.category, event.event_start, event.event_end, event.location, event.max_attendees, event.price, event.image, event.thumbnail, event.requires_approval, event.id, event.organizer_id, event.created_at, event.is_active, user.full_name AS organizer_name, user.role AS organizer_role, anon_1.attendees_count 
FROM event JOIN user ON user.id = event.organizer_id LEFT OUTER JOIN (SELECT rsvp.event_id AS eid, count(?) AS attendees_count 
FROM rsvp 
WHERE rsvp.status IN (?, ?) GROUP BY rsvp.event_id) AS anon_1 ON anon_1.eid = event.id 
WHERE event.is_active = 1 AND (event.event_end IS NOT NULL AND event.event_end >= ? OR event.event_end IS NULL AND event.event_start >= ?) AND (EXISTS (SELECT 1 
FROM rsvp 
WHERE rsvp.event_id = event.id AND rsvp.status IN (?, ?) AND rsvp.user_id = ?)) ORDER BY event.event_start DESC
 LIMIT ? OFFSET ?
2025-10-03 16:05:06,552 INFO sqlalchemy.engine.Engine [cached since 0.07599s ago] (1, <RSVPStatus.GOING: 'going'>, <RSVPStatus.APPROVED: 'approved'>, '2025-10-03 16:05:06.547813', '2025-10-03 16:05:06.547813', <RSVPStatus.GOING: 'going'>, <RSVPStatus.APPROVED: 'approved'>, 1, 100, 0)
2025-10-03 16:05:06,553 INFO sqlalchemy.engine.Engine ROLLBACK
GET /api/v1/events -> 200 in 6.97ms
INFO:     127.0.0.1:40810 - "GET /api/v1/events?rsvp_status=going,approved&rsvp_user_id=1 HTTP/1.1" 200 OK
